
> bzanalytics-nextjs@0.1.0 build
> next build

  Γû▓ Next.js 15.0.0

   Creating an optimized production build ...
node.exe : Failed to 
compile.
At C:\Program 
Files\nodejs\npm.ps1:29 
char:3
+   & $NODE_EXE 
$NPM_CLI_JS $args
+   ~~~~~~~~~~~~~~~~~~~~~~
~~~~~~~
    + CategoryInfo        
      : NotSpecified: (F  
  ailed to compile.:Str   
 ing) [], RemoteExcept    
ion
    + FullyQualifiedError 
   Id : NativeCommandErr  
  or
 

./src/app/industries/[id]/
page.tsx
Module not found: Can't 
resolve '@/lib/api'

https://nextjs.org/docs/me
ssages/module-not-found

./src/app/industries/[id]/
portfolio/[projectId]/page
.tsx
Module not found: Can't 
resolve '@/lib/api'

https://nextjs.org/docs/me
ssages/module-not-found

./src/app/industries/metav
erse-gaming/portfolio/[id]
/page.js
Module not found: Can't 
resolve '@/data'

https://nextjs.org/docs/me
ssages/module-not-found

./src/app/page.tsx
Module not found: Can't 
resolve '@/lib/api'

https://nextjs.org/docs/me
ssages/module-not-found

./src/app/portfolio/page.t
sx
Module not found: Can't 
resolve '@/lib/api'

https://nextjs.org/docs/me
ssages/module-not-found


> Build failed because of 
webpack errors
